Archive member included to satisfy reference by file (symbol)

/usr/lib/gcc/arm-none-eabi/4.9.3/../../../arm-none-eabi/lib/armv7-m/libc_nano.a(lib_a-atexit.o)
                              /usr/lib/gcc/arm-none-eabi/4.9.3/../../../arm-none-eabi/lib/armv7-m/crt0.o (atexit)
/usr/lib/gcc/arm-none-eabi/4.9.3/../../../arm-none-eabi/lib/armv7-m/libc_nano.a(lib_a-exit.o)
                              /usr/lib/gcc/arm-none-eabi/4.9.3/../../../arm-none-eabi/lib/armv7-m/crt0.o (exit)
/usr/lib/gcc/arm-none-eabi/4.9.3/../../../arm-none-eabi/lib/armv7-m/libc_nano.a(lib_a-fini.o)
                              /usr/lib/gcc/arm-none-eabi/4.9.3/../../../arm-none-eabi/lib/armv7-m/crt0.o (__libc_fini_array)
/usr/lib/gcc/arm-none-eabi/4.9.3/../../../arm-none-eabi/lib/armv7-m/libc_nano.a(lib_a-impure.o)
                              /usr/lib/gcc/arm-none-eabi/4.9.3/../../../arm-none-eabi/lib/armv7-m/libc_nano.a(lib_a-exit.o) (_global_impure_ptr)
/usr/lib/gcc/arm-none-eabi/4.9.3/../../../arm-none-eabi/lib/armv7-m/libc_nano.a(lib_a-init.o)
                              /usr/lib/gcc/arm-none-eabi/4.9.3/../../../arm-none-eabi/lib/armv7-m/crt0.o (__libc_init_array)
/usr/lib/gcc/arm-none-eabi/4.9.3/../../../arm-none-eabi/lib/armv7-m/libc_nano.a(lib_a-memset.o)
                              /usr/lib/gcc/arm-none-eabi/4.9.3/../../../arm-none-eabi/lib/armv7-m/crt0.o (memset)
/usr/lib/gcc/arm-none-eabi/4.9.3/../../../arm-none-eabi/lib/armv7-m/libc_nano.a(lib_a-__atexit.o)
                              /usr/lib/gcc/arm-none-eabi/4.9.3/../../../arm-none-eabi/lib/armv7-m/libc_nano.a(lib_a-atexit.o) (__register_exitproc)
/usr/lib/gcc/arm-none-eabi/4.9.3/../../../arm-none-eabi/lib/armv7-m/libc_nano.a(lib_a-__call_atexit.o)
                              /usr/lib/gcc/arm-none-eabi/4.9.3/../../../arm-none-eabi/lib/armv7-m/libc_nano.a(lib_a-__atexit.o) (__call_exitprocs)
/usr/lib/gcc/arm-none-eabi/4.9.3/../../../arm-none-eabi/lib/armv7-m/libnosys.a(_exit.o)
                              /usr/lib/gcc/arm-none-eabi/4.9.3/../../../arm-none-eabi/lib/armv7-m/libc_nano.a(lib_a-exit.o) (_exit)

Discarded input sections

 .text          0x0000000000000000        0x0 /usr/lib/gcc/arm-none-eabi/4.9.3/armv7-m/crti.o
 .data          0x0000000000000000        0x0 /usr/lib/gcc/arm-none-eabi/4.9.3/armv7-m/crti.o
 .bss           0x0000000000000000        0x0 /usr/lib/gcc/arm-none-eabi/4.9.3/armv7-m/crti.o
 .data          0x0000000000000000        0x4 /usr/lib/gcc/arm-none-eabi/4.9.3/armv7-m/crtbegin.o
 .text          0x0000000000000000       0x68 /usr/lib/gcc/arm-none-eabi/4.9.3/../../../arm-none-eabi/lib/armv7-m/crt0.o
 .data          0x0000000000000000        0x0 /usr/lib/gcc/arm-none-eabi/4.9.3/../../../arm-none-eabi/lib/armv7-m/crt0.o
 .bss           0x0000000000000000        0x0 /usr/lib/gcc/arm-none-eabi/4.9.3/../../../arm-none-eabi/lib/armv7-m/crt0.o
 .ARM.extab     0x0000000000000000        0x0 /usr/lib/gcc/arm-none-eabi/4.9.3/../../../arm-none-eabi/lib/armv7-m/crt0.o
 .ARM.exidx     0x0000000000000000        0x8 /usr/lib/gcc/arm-none-eabi/4.9.3/../../../arm-none-eabi/lib/armv7-m/crt0.o
 .debug_line    0x0000000000000000       0x7b /usr/lib/gcc/arm-none-eabi/4.9.3/../../../arm-none-eabi/lib/armv7-m/crt0.o
 .debug_info    0x0000000000000000       0xa8 /usr/lib/gcc/arm-none-eabi/4.9.3/../../../arm-none-eabi/lib/armv7-m/crt0.o
 .debug_abbrev  0x0000000000000000       0x14 /usr/lib/gcc/arm-none-eabi/4.9.3/../../../arm-none-eabi/lib/armv7-m/crt0.o
 .debug_aranges
                0x0000000000000000       0x20 /usr/lib/gcc/arm-none-eabi/4.9.3/../../../arm-none-eabi/lib/armv7-m/crt0.o
 .ARM.attributes
                0x0000000000000000       0x1b /usr/lib/gcc/arm-none-eabi/4.9.3/../../../arm-none-eabi/lib/armv7-m/crt0.o
 .text          0x0000000000000000        0x0 build/system_stm32f1xx.o
 .data          0x0000000000000000        0x0 build/system_stm32f1xx.o
 .bss           0x0000000000000000        0x0 build/system_stm32f1xx.o
 .data.SystemCoreClock
                0x0000000000000000        0x4 build/system_stm32f1xx.o
 .rodata.AHBPrescTable
                0x0000000000000000       0x10 build/system_stm32f1xx.o
 .text.SystemCoreClockUpdate
                0x0000000000000000       0xd8 build/system_stm32f1xx.o
 .text          0x0000000000000000        0x0 build/main.o
 .data          0x0000000000000000        0x0 build/main.o
 .bss           0x0000000000000000        0x0 build/main.o
 .text          0x0000000000000000        0x0 build/ourHal.o
 .data          0x0000000000000000        0x0 build/ourHal.o
 .bss           0x0000000000000000        0x0 build/ourHal.o
 .text.write    0x0000000000000000       0x1c build/ourHal.o
 .text          0x0000000000000000       0x14 build/startup_stm32f103xb.o
 .data          0x0000000000000000        0x0 build/startup_stm32f103xb.o
 .bss           0x0000000000000000        0x0 build/startup_stm32f103xb.o
 .text          0x0000000000000000        0x0 /usr/lib/gcc/arm-none-eabi/4.9.3/../../../arm-none-eabi/lib/armv7-m/libc_nano.a(lib_a-atexit.o)
 .data          0x0000000000000000        0x0 /usr/lib/gcc/arm-none-eabi/4.9.3/../../../arm-none-eabi/lib/armv7-m/libc_nano.a(lib_a-atexit.o)
 .bss           0x0000000000000000        0x0 /usr/lib/gcc/arm-none-eabi/4.9.3/../../../arm-none-eabi/lib/armv7-m/libc_nano.a(lib_a-atexit.o)
 .text.atexit   0x0000000000000000        0xc /usr/lib/gcc/arm-none-eabi/4.9.3/../../../arm-none-eabi/lib/armv7-m/libc_nano.a(lib_a-atexit.o)
 .debug_info    0x0000000000000000      0x10a /usr/lib/gcc/arm-none-eabi/4.9.3/../../../arm-none-eabi/lib/armv7-m/libc_nano.a(lib_a-atexit.o)
 .debug_abbrev  0x0000000000000000       0xb8 /usr/lib/gcc/arm-none-eabi/4.9.3/../../../arm-none-eabi/lib/armv7-m/libc_nano.a(lib_a-atexit.o)
 .debug_loc     0x0000000000000000       0x2c /usr/lib/gcc/arm-none-eabi/4.9.3/../../../arm-none-eabi/lib/armv7-m/libc_nano.a(lib_a-atexit.o)
 .debug_aranges
                0x0000000000000000       0x20 /usr/lib/gcc/arm-none-eabi/4.9.3/../../../arm-none-eabi/lib/armv7-m/libc_nano.a(lib_a-atexit.o)
 .debug_ranges  0x0000000000000000       0x10 /usr/lib/gcc/arm-none-eabi/4.9.3/../../../arm-none-eabi/lib/armv7-m/libc_nano.a(lib_a-atexit.o)
 .debug_line    0x0000000000000000       0xc1 /usr/lib/gcc/arm-none-eabi/4.9.3/../../../arm-none-eabi/lib/armv7-m/libc_nano.a(lib_a-atexit.o)
 .debug_str     0x0000000000000000      0x20f /usr/lib/gcc/arm-none-eabi/4.9.3/../../../arm-none-eabi/lib/armv7-m/libc_nano.a(lib_a-atexit.o)
 .comment       0x0000000000000000       0x39 /usr/lib/gcc/arm-none-eabi/4.9.3/../../../arm-none-eabi/lib/armv7-m/libc_nano.a(lib_a-atexit.o)
 .debug_frame   0x0000000000000000       0x20 /usr/lib/gcc/arm-none-eabi/4.9.3/../../../arm-none-eabi/lib/armv7-m/libc_nano.a(lib_a-atexit.o)
 .ARM.attributes
                0x0000000000000000       0x2d /usr/lib/gcc/arm-none-eabi/4.9.3/../../../arm-none-eabi/lib/armv7-m/libc_nano.a(lib_a-atexit.o)
 .text          0x0000000000000000        0x0 /usr/lib/gcc/arm-none-eabi/4.9.3/../../../arm-none-eabi/lib/armv7-m/libc_nano.a(lib_a-exit.o)
 .data          0x0000000000000000        0x0 /usr/lib/gcc/arm-none-eabi/4.9.3/../../../arm-none-eabi/lib/armv7-m/libc_nano.a(lib_a-exit.o)
 .bss           0x0000000000000000        0x0 /usr/lib/gcc/arm-none-eabi/4.9.3/../../../arm-none-eabi/lib/armv7-m/libc_nano.a(lib_a-exit.o)
 .text.exit     0x0000000000000000       0x28 /usr/lib/gcc/arm-none-eabi/4.9.3/../../../arm-none-eabi/lib/armv7-m/libc_nano.a(lib_a-exit.o)
 .debug_info    0x0000000000000000      0x7a6 /usr/lib/gcc/arm-none-eabi/4.9.3/../../../arm-none-eabi/lib/armv7-m/libc_nano.a(lib_a-exit.o)
 .debug_abbrev  0x0000000000000000      0x18b /usr/lib/gcc/arm-none-eabi/4.9.3/../../../arm-none-eabi/lib/armv7-m/libc_nano.a(lib_a-exit.o)
 .debug_loc     0x0000000000000000       0x1e /usr/lib/gcc/arm-none-eabi/4.9.3/../../../arm-none-eabi/lib/armv7-m/libc_nano.a(lib_a-exit.o)
 .debug_aranges
                0x0000000000000000       0x20 /usr/lib/gcc/arm-none-eabi/4.9.3/../../../arm-none-eabi/lib/armv7-m/libc_nano.a(lib_a-exit.o)
 .debug_ranges  0x0000000000000000       0x10 /usr/lib/gcc/arm-none-eabi/4.9.3/../../../arm-none-eabi/lib/armv7-m/libc_nano.a(lib_a-exit.o)
 .debug_line    0x0000000000000000      0x168 /usr/lib/gcc/arm-none-eabi/4.9.3/../../../arm-none-eabi/lib/armv7-m/libc_nano.a(lib_a-exit.o)
 .debug_str     0x0000000000000000      0x544 /usr/lib/gcc/arm-none-eabi/4.9.3/../../../arm-none-eabi/lib/armv7-m/libc_nano.a(lib_a-exit.o)
 .comment       0x0000000000000000       0x39 /usr/lib/gcc/arm-none-eabi/4.9.3/../../../arm-none-eabi/lib/armv7-m/libc_nano.a(lib_a-exit.o)
 .debug_frame   0x0000000000000000       0x28 /usr/lib/gcc/arm-none-eabi/4.9.3/../../../arm-none-eabi/lib/armv7-m/libc_nano.a(lib_a-exit.o)
 .ARM.attributes
                0x0000000000000000       0x2d /usr/lib/gcc/arm-none-eabi/4.9.3/../../../arm-none-eabi/lib/armv7-m/libc_nano.a(lib_a-exit.o)
 .text          0x0000000000000000        0x0 /usr/lib/gcc/arm-none-eabi/4.9.3/../../../arm-none-eabi/lib/armv7-m/libc_nano.a(lib_a-fini.o)
 .data          0x0000000000000000        0x0 /usr/lib/gcc/arm-none-eabi/4.9.3/../../../arm-none-eabi/lib/armv7-m/libc_nano.a(lib_a-fini.o)
 .bss           0x0000000000000000        0x0 /usr/lib/gcc/arm-none-eabi/4.9.3/../../../arm-none-eabi/lib/armv7-m/libc_nano.a(lib_a-fini.o)
 .text.__libc_fini_array
                0x0000000000000000       0x28 /usr/lib/gcc/arm-none-eabi/4.9.3/../../../arm-none-eabi/lib/armv7-m/libc_nano.a(lib_a-fini.o)
 .debug_info    0x0000000000000000       0xeb /usr/lib/gcc/arm-none-eabi/4.9.3/../../../arm-none-eabi/lib/armv7-m/libc_nano.a(lib_a-fini.o)
 .debug_abbrev  0x0000000000000000       0xbb /usr/lib/gcc/arm-none-eabi/4.9.3/../../../arm-none-eabi/lib/armv7-m/libc_nano.a(lib_a-fini.o)
 .debug_loc     0x0000000000000000       0x2b /usr/lib/gcc/arm-none-eabi/4.9.3/../../../arm-none-eabi/lib/armv7-m/libc_nano.a(lib_a-fini.o)
 .debug_aranges
                0x0000000000000000       0x20 /usr/lib/gcc/arm-none-eabi/4.9.3/../../../arm-none-eabi/lib/armv7-m/libc_nano.a(lib_a-fini.o)
 .debug_ranges  0x0000000000000000       0x10 /usr/lib/gcc/arm-none-eabi/4.9.3/../../../arm-none-eabi/lib/armv7-m/libc_nano.a(lib_a-fini.o)
 .debug_line    0x0000000000000000       0x9b /usr/lib/gcc/arm-none-eabi/4.9.3/../../../arm-none-eabi/lib/armv7-m/libc_nano.a(lib_a-fini.o)
 .debug_str     0x0000000000000000      0x207 /usr/lib/gcc/arm-none-eabi/4.9.3/../../../arm-none-eabi/lib/armv7-m/libc_nano.a(lib_a-fini.o)
 .comment       0x0000000000000000       0x39 /usr/lib/gcc/arm-none-eabi/4.9.3/../../../arm-none-eabi/lib/armv7-m/libc_nano.a(lib_a-fini.o)
 .debug_frame   0x0000000000000000       0x34 /usr/lib/gcc/arm-none-eabi/4.9.3/../../../arm-none-eabi/lib/armv7-m/libc_nano.a(lib_a-fini.o)
 .ARM.attributes
                0x0000000000000000       0x2d /usr/lib/gcc/arm-none-eabi/4.9.3/../../../arm-none-eabi/lib/armv7-m/libc_nano.a(lib_a-fini.o)
 .text          0x0000000000000000        0x0 /usr/lib/gcc/arm-none-eabi/4.9.3/../../../arm-none-eabi/lib/armv7-m/libc_nano.a(lib_a-impure.o)
 .data          0x0000000000000000        0x0 /usr/lib/gcc/arm-none-eabi/4.9.3/../../../arm-none-eabi/lib/armv7-m/libc_nano.a(lib_a-impure.o)
 .bss           0x0000000000000000        0x0 /usr/lib/gcc/arm-none-eabi/4.9.3/../../../arm-none-eabi/lib/armv7-m/libc_nano.a(lib_a-impure.o)
 .data.impure_data
                0x0000000000000000       0x60 /usr/lib/gcc/arm-none-eabi/4.9.3/../../../arm-none-eabi/lib/armv7-m/libc_nano.a(lib_a-impure.o)
 .data._impure_ptr
                0x0000000000000000        0x4 /usr/lib/gcc/arm-none-eabi/4.9.3/../../../arm-none-eabi/lib/armv7-m/libc_nano.a(lib_a-impure.o)
 .rodata.str1.1
                0x0000000000000000        0x2 /usr/lib/gcc/arm-none-eabi/4.9.3/../../../arm-none-eabi/lib/armv7-m/libc_nano.a(lib_a-impure.o)
 .rodata._global_impure_ptr
                0x0000000000000000        0x4 /usr/lib/gcc/arm-none-eabi/4.9.3/../../../arm-none-eabi/lib/armv7-m/libc_nano.a(lib_a-impure.o)
 .debug_info    0x0000000000000000      0x7d3 /usr/lib/gcc/arm-none-eabi/4.9.3/../../../arm-none-eabi/lib/armv7-m/libc_nano.a(lib_a-impure.o)
 .debug_abbrev  0x0000000000000000      0x136 /usr/lib/gcc/arm-none-eabi/4.9.3/../../../arm-none-eabi/lib/armv7-m/libc_nano.a(lib_a-impure.o)
 .debug_aranges
                0x0000000000000000       0x18 /usr/lib/gcc/arm-none-eabi/4.9.3/../../../arm-none-eabi/lib/armv7-m/libc_nano.a(lib_a-impure.o)
 .debug_line    0x0000000000000000       0xf1 /usr/lib/gcc/arm-none-eabi/4.9.3/../../../arm-none-eabi/lib/armv7-m/libc_nano.a(lib_a-impure.o)
 .debug_str     0x0000000000000000      0x57a /usr/lib/gcc/arm-none-eabi/4.9.3/../../../arm-none-eabi/lib/armv7-m/libc_nano.a(lib_a-impure.o)
 .comment       0x0000000000000000       0x39 /usr/lib/gcc/arm-none-eabi/4.9.3/../../../arm-none-eabi/lib/armv7-m/libc_nano.a(lib_a-impure.o)
 .ARM.attributes
                0x0000000000000000       0x2d /usr/lib/gcc/arm-none-eabi/4.9.3/../../../arm-none-eabi/lib/armv7-m/libc_nano.a(lib_a-impure.o)
 .text          0x0000000000000000        0x0 /usr/lib/gcc/arm-none-eabi/4.9.3/../../../arm-none-eabi/lib/armv7-m/libc_nano.a(lib_a-init.o)
 .data          0x0000000000000000        0x0 /usr/lib/gcc/arm-none-eabi/4.9.3/../../../arm-none-eabi/lib/armv7-m/libc_nano.a(lib_a-init.o)
 .bss           0x0000000000000000        0x0 /usr/lib/gcc/arm-none-eabi/4.9.3/../../../arm-none-eabi/lib/armv7-m/libc_nano.a(lib_a-init.o)
 .text          0x0000000000000000        0x0 /usr/lib/gcc/arm-none-eabi/4.9.3/../../../arm-none-eabi/lib/armv7-m/libc_nano.a(lib_a-memset.o)
 .data          0x0000000000000000        0x0 /usr/lib/gcc/arm-none-eabi/4.9.3/../../../arm-none-eabi/lib/armv7-m/libc_nano.a(lib_a-memset.o)
 .bss           0x0000000000000000        0x0 /usr/lib/gcc/arm-none-eabi/4.9.3/../../../arm-none-eabi/lib/armv7-m/libc_nano.a(lib_a-memset.o)
 .text.memset   0x0000000000000000       0x10 /usr/lib/gcc/arm-none-eabi/4.9.3/../../../arm-none-eabi/lib/armv7-m/libc_nano.a(lib_a-memset.o)
 .debug_info    0x0000000000000000       0xd3 /usr/lib/gcc/arm-none-eabi/4.9.3/../../../arm-none-eabi/lib/armv7-m/libc_nano.a(lib_a-memset.o)
 .debug_abbrev  0x0000000000000000       0x8e /usr/lib/gcc/arm-none-eabi/4.9.3/../../../arm-none-eabi/lib/armv7-m/libc_nano.a(lib_a-memset.o)
 .debug_loc     0x0000000000000000       0x49 /usr/lib/gcc/arm-none-eabi/4.9.3/../../../arm-none-eabi/lib/armv7-m/libc_nano.a(lib_a-memset.o)
 .debug_aranges
                0x0000000000000000       0x20 /usr/lib/gcc/arm-none-eabi/4.9.3/../../../arm-none-eabi/lib/armv7-m/libc_nano.a(lib_a-memset.o)
 .debug_ranges  0x0000000000000000       0x10 /usr/lib/gcc/arm-none-eabi/4.9.3/../../../arm-none-eabi/lib/armv7-m/libc_nano.a(lib_a-memset.o)
 .debug_line    0x0000000000000000       0xee /usr/lib/gcc/arm-none-eabi/4.9.3/../../../arm-none-eabi/lib/armv7-m/libc_nano.a(lib_a-memset.o)
 .debug_str     0x0000000000000000      0x1d2 /usr/lib/gcc/arm-none-eabi/4.9.3/../../../arm-none-eabi/lib/armv7-m/libc_nano.a(lib_a-memset.o)
 .comment       0x0000000000000000       0x39 /usr/lib/gcc/arm-none-eabi/4.9.3/../../../arm-none-eabi/lib/armv7-m/libc_nano.a(lib_a-memset.o)
 .debug_frame   0x0000000000000000       0x20 /usr/lib/gcc/arm-none-eabi/4.9.3/../../../arm-none-eabi/lib/armv7-m/libc_nano.a(lib_a-memset.o)
 .ARM.attributes
                0x0000000000000000       0x2d /usr/lib/gcc/arm-none-eabi/4.9.3/../../../arm-none-eabi/lib/armv7-m/libc_nano.a(lib_a-memset.o)
 .text          0x0000000000000000        0x0 /usr/lib/gcc/arm-none-eabi/4.9.3/../../../arm-none-eabi/lib/armv7-m/libc_nano.a(lib_a-__atexit.o)
 .data          0x0000000000000000        0x0 /usr/lib/gcc/arm-none-eabi/4.9.3/../../../arm-none-eabi/lib/armv7-m/libc_nano.a(lib_a-__atexit.o)
 .bss           0x0000000000000000        0x0 /usr/lib/gcc/arm-none-eabi/4.9.3/../../../arm-none-eabi/lib/armv7-m/libc_nano.a(lib_a-__atexit.o)
 .text.__register_exitproc
                0x0000000000000000       0xb8 /usr/lib/gcc/arm-none-eabi/4.9.3/../../../arm-none-eabi/lib/armv7-m/libc_nano.a(lib_a-__atexit.o)
 .bss._global_atexit0
                0x0000000000000000       0x8c /usr/lib/gcc/arm-none-eabi/4.9.3/../../../arm-none-eabi/lib/armv7-m/libc_nano.a(lib_a-__atexit.o)
 .data.__atexit_dummy
                0x0000000000000000        0x4 /usr/lib/gcc/arm-none-eabi/4.9.3/../../../arm-none-eabi/lib/armv7-m/libc_nano.a(lib_a-__atexit.o)
 .debug_info    0x0000000000000000      0x23b /usr/lib/gcc/arm-none-eabi/4.9.3/../../../arm-none-eabi/lib/armv7-m/libc_nano.a(lib_a-__atexit.o)
 .debug_abbrev  0x0000000000000000      0x180 /usr/lib/gcc/arm-none-eabi/4.9.3/../../../arm-none-eabi/lib/armv7-m/libc_nano.a(lib_a-__atexit.o)
 .debug_loc     0x0000000000000000      0x1a2 /usr/lib/gcc/arm-none-eabi/4.9.3/../../../arm-none-eabi/lib/armv7-m/libc_nano.a(lib_a-__atexit.o)
 .debug_aranges
                0x0000000000000000       0x20 /usr/lib/gcc/arm-none-eabi/4.9.3/../../../arm-none-eabi/lib/armv7-m/libc_nano.a(lib_a-__atexit.o)
 .debug_ranges  0x0000000000000000       0x10 /usr/lib/gcc/arm-none-eabi/4.9.3/../../../arm-none-eabi/lib/armv7-m/libc_nano.a(lib_a-__atexit.o)
 .debug_line    0x0000000000000000      0x17c /usr/lib/gcc/arm-none-eabi/4.9.3/../../../arm-none-eabi/lib/armv7-m/libc_nano.a(lib_a-__atexit.o)
 .debug_str     0x0000000000000000      0x2b5 /usr/lib/gcc/arm-none-eabi/4.9.3/../../../arm-none-eabi/lib/armv7-m/libc_nano.a(lib_a-__atexit.o)
 .comment       0x0000000000000000       0x39 /usr/lib/gcc/arm-none-eabi/4.9.3/../../../arm-none-eabi/lib/armv7-m/libc_nano.a(lib_a-__atexit.o)
 .debug_frame   0x0000000000000000       0x34 /usr/lib/gcc/arm-none-eabi/4.9.3/../../../arm-none-eabi/lib/armv7-m/libc_nano.a(lib_a-__atexit.o)
 .ARM.attributes
                0x0000000000000000       0x2d /usr/lib/gcc/arm-none-eabi/4.9.3/../../../arm-none-eabi/lib/armv7-m/libc_nano.a(lib_a-__atexit.o)
 .text          0x0000000000000000        0x0 /usr/lib/gcc/arm-none-eabi/4.9.3/../../../arm-none-eabi/lib/armv7-m/libc_nano.a(lib_a-__call_atexit.o)
 .data          0x0000000000000000        0x0 /usr/lib/gcc/arm-none-eabi/4.9.3/../../../arm-none-eabi/lib/armv7-m/libc_nano.a(lib_a-__call_atexit.o)
 .bss           0x0000000000000000        0x0 /usr/lib/gcc/arm-none-eabi/4.9.3/../../../arm-none-eabi/lib/armv7-m/libc_nano.a(lib_a-__call_atexit.o)
 .text.__call_exitprocs
                0x0000000000000000       0xd4 /usr/lib/gcc/arm-none-eabi/4.9.3/../../../arm-none-eabi/lib/armv7-m/libc_nano.a(lib_a-__call_atexit.o)
 .bss._global_atexit
                0x0000000000000000        0x4 /usr/lib/gcc/arm-none-eabi/4.9.3/../../../arm-none-eabi/lib/armv7-m/libc_nano.a(lib_a-__call_atexit.o)
 .debug_info    0x0000000000000000      0x241 /usr/lib/gcc/arm-none-eabi/4.9.3/../../../arm-none-eabi/lib/armv7-m/libc_nano.a(lib_a-__call_atexit.o)
 .debug_abbrev  0x0000000000000000      0x16d /usr/lib/gcc/arm-none-eabi/4.9.3/../../../arm-none-eabi/lib/armv7-m/libc_nano.a(lib_a-__call_atexit.o)
 .debug_loc     0x0000000000000000      0x16c /usr/lib/gcc/arm-none-eabi/4.9.3/../../../arm-none-eabi/lib/armv7-m/libc_nano.a(lib_a-__call_atexit.o)
 .debug_aranges
                0x0000000000000000       0x20 /usr/lib/gcc/arm-none-eabi/4.9.3/../../../arm-none-eabi/lib/armv7-m/libc_nano.a(lib_a-__call_atexit.o)
 .debug_ranges  0x0000000000000000       0x10 /usr/lib/gcc/arm-none-eabi/4.9.3/../../../arm-none-eabi/lib/armv7-m/libc_nano.a(lib_a-__call_atexit.o)
 .debug_line    0x0000000000000000      0x180 /usr/lib/gcc/arm-none-eabi/4.9.3/../../../arm-none-eabi/lib/armv7-m/libc_nano.a(lib_a-__call_atexit.o)
 .debug_str     0x0000000000000000      0x27b /usr/lib/gcc/arm-none-eabi/4.9.3/../../../arm-none-eabi/lib/armv7-m/libc_nano.a(lib_a-__call_atexit.o)
 .comment       0x0000000000000000       0x39 /usr/lib/gcc/arm-none-eabi/4.9.3/../../../arm-none-eabi/lib/armv7-m/libc_nano.a(lib_a-__call_atexit.o)
 .debug_frame   0x0000000000000000       0x3c /usr/lib/gcc/arm-none-eabi/4.9.3/../../../arm-none-eabi/lib/armv7-m/libc_nano.a(lib_a-__call_atexit.o)
 .ARM.attributes
                0x0000000000000000       0x2d /usr/lib/gcc/arm-none-eabi/4.9.3/../../../arm-none-eabi/lib/armv7-m/libc_nano.a(lib_a-__call_atexit.o)
 .text          0x0000000000000000        0x0 /usr/lib/gcc/arm-none-eabi/4.9.3/../../../arm-none-eabi/lib/armv7-m/libnosys.a(_exit.o)
 .data          0x0000000000000000        0x0 /usr/lib/gcc/arm-none-eabi/4.9.3/../../../arm-none-eabi/lib/armv7-m/libnosys.a(_exit.o)
 .bss           0x0000000000000000        0x0 /usr/lib/gcc/arm-none-eabi/4.9.3/../../../arm-none-eabi/lib/armv7-m/libnosys.a(_exit.o)
 .text._exit    0x0000000000000000        0x4 /usr/lib/gcc/arm-none-eabi/4.9.3/../../../arm-none-eabi/lib/armv7-m/libnosys.a(_exit.o)
 .debug_info    0x0000000000000000       0x58 /usr/lib/gcc/arm-none-eabi/4.9.3/../../../arm-none-eabi/lib/armv7-m/libnosys.a(_exit.o)
 .debug_abbrev  0x0000000000000000       0x55 /usr/lib/gcc/arm-none-eabi/4.9.3/../../../arm-none-eabi/lib/armv7-m/libnosys.a(_exit.o)
 .debug_aranges
                0x0000000000000000       0x20 /usr/lib/gcc/arm-none-eabi/4.9.3/../../../arm-none-eabi/lib/armv7-m/libnosys.a(_exit.o)
 .debug_ranges  0x0000000000000000       0x10 /usr/lib/gcc/arm-none-eabi/4.9.3/../../../arm-none-eabi/lib/armv7-m/libnosys.a(_exit.o)
 .debug_line    0x0000000000000000       0x5d /usr/lib/gcc/arm-none-eabi/4.9.3/../../../arm-none-eabi/lib/armv7-m/libnosys.a(_exit.o)
 .debug_str     0x0000000000000000      0x102 /usr/lib/gcc/arm-none-eabi/4.9.3/../../../arm-none-eabi/lib/armv7-m/libnosys.a(_exit.o)
 .comment       0x0000000000000000       0x39 /usr/lib/gcc/arm-none-eabi/4.9.3/../../../arm-none-eabi/lib/armv7-m/libnosys.a(_exit.o)
 .debug_frame   0x0000000000000000       0x20 /usr/lib/gcc/arm-none-eabi/4.9.3/../../../arm-none-eabi/lib/armv7-m/libnosys.a(_exit.o)
 .ARM.attributes
                0x0000000000000000       0x2d /usr/lib/gcc/arm-none-eabi/4.9.3/../../../arm-none-eabi/lib/armv7-m/libnosys.a(_exit.o)
 .text          0x0000000000000000        0x0 /usr/lib/gcc/arm-none-eabi/4.9.3/armv7-m/crtend.o
 .data          0x0000000000000000        0x0 /usr/lib/gcc/arm-none-eabi/4.9.3/armv7-m/crtend.o
 .bss           0x0000000000000000        0x0 /usr/lib/gcc/arm-none-eabi/4.9.3/armv7-m/crtend.o
 .eh_frame      0x0000000000000000        0x4 /usr/lib/gcc/arm-none-eabi/4.9.3/armv7-m/crtend.o
 .jcr           0x0000000000000000        0x4 /usr/lib/gcc/arm-none-eabi/4.9.3/armv7-m/crtend.o
 .text          0x0000000000000000        0x0 /usr/lib/gcc/arm-none-eabi/4.9.3/armv7-m/crtn.o
 .data          0x0000000000000000        0x0 /usr/lib/gcc/arm-none-eabi/4.9.3/armv7-m/crtn.o
 .bss           0x0000000000000000        0x0 /usr/lib/gcc/arm-none-eabi/4.9.3/armv7-m/crtn.o

Memory Configuration

Name             Origin             Length             Attributes
FLASH            0x0000000008000000 0x0000000000010000 xr
RAM              0x0000000020000000 0x0000000000005000 xrw
*default*        0x0000000000000000 0xffffffffffffffff

Linker script and memory map

LOAD /usr/lib/gcc/arm-none-eabi/4.9.3/armv7-m/crti.o
LOAD /usr/lib/gcc/arm-none-eabi/4.9.3/armv7-m/crtbegin.o
LOAD /usr/lib/gcc/arm-none-eabi/4.9.3/../../../arm-none-eabi/lib/armv7-m/crt0.o
LOAD build/system_stm32f1xx.o
LOAD build/main.o
LOAD build/ourHal.o
LOAD build/startup_stm32f103xb.o
LOAD /usr/lib/gcc/arm-none-eabi/4.9.3/../../../arm-none-eabi/lib/armv7-m/libc_nano.a
LOAD /usr/lib/gcc/arm-none-eabi/4.9.3/../../../arm-none-eabi/lib/armv7-m/libm.a
LOAD /usr/lib/gcc/arm-none-eabi/4.9.3/../../../arm-none-eabi/lib/armv7-m/libnosys.a
START GROUP
LOAD /usr/lib/gcc/arm-none-eabi/4.9.3/armv7-m/libgcc.a
LOAD /usr/lib/gcc/arm-none-eabi/4.9.3/../../../arm-none-eabi/lib/armv7-m/libc_nano.a
END GROUP
START GROUP
LOAD /usr/lib/gcc/arm-none-eabi/4.9.3/armv7-m/libgcc.a
LOAD /usr/lib/gcc/arm-none-eabi/4.9.3/../../../arm-none-eabi/lib/armv7-m/libc_nano.a
END GROUP
LOAD /usr/lib/gcc/arm-none-eabi/4.9.3/armv7-m/crtend.o
LOAD /usr/lib/gcc/arm-none-eabi/4.9.3/armv7-m/crtn.o
                0x0000000020005000                _estack = 0x20005000
                0x0000000000000200                _Min_Heap_Size = 0x200
                0x0000000000000400                _Min_Stack_Size = 0x400

.isr_vector     0x0000000008000000      0x10c
                0x0000000008000000                . = ALIGN (0x4)
 *(.isr_vector)
 .isr_vector    0x0000000008000000      0x10c build/startup_stm32f103xb.o
                0x0000000008000000                g_pfnVectors
                0x000000000800010c                . = ALIGN (0x4)

.text           0x000000000800010c      0x298
                0x000000000800010c                . = ALIGN (0x4)
 *(.text)
 .text          0x000000000800010c       0xa4 /usr/lib/gcc/arm-none-eabi/4.9.3/armv7-m/crtbegin.o
 *(.text*)
 .text.SystemInit
                0x00000000080001b0       0x68 build/system_stm32f1xx.o
                0x00000000080001b0                SystemInit
 .text.delay1s  0x0000000008000218       0x28 build/main.o
                0x0000000008000218                delay1s
 .text.main     0x0000000008000240       0x28 build/main.o
                0x0000000008000240                main
 .text.setPin   0x0000000008000268       0x28 build/ourHal.o
                0x0000000008000268                setPin
 .text.clearPin
                0x0000000008000290       0x30 build/ourHal.o
                0x0000000008000290                clearPin
 .text.togglePin
                0x00000000080002c0       0x34 build/ourHal.o
                0x00000000080002c0                togglePin
 .text.Reset_Handler
                0x00000000080002f4       0x48 build/startup_stm32f103xb.o
                0x00000000080002f4                Reset_Handler
 .text.Default_Handler
                0x000000000800033c        0x2 build/startup_stm32f103xb.o
                0x000000000800033c                RTC_Alarm_IRQHandler
                0x000000000800033c                EXTI2_IRQHandler
                0x000000000800033c                DebugMon_Handler
                0x000000000800033c                TIM1_CC_IRQHandler
                0x000000000800033c                HardFault_Handler
                0x000000000800033c                SysTick_Handler
                0x000000000800033c                PVD_IRQHandler
                0x000000000800033c                PendSV_Handler
                0x000000000800033c                NMI_Handler
                0x000000000800033c                EXTI3_IRQHandler
                0x000000000800033c                EXTI0_IRQHandler
                0x000000000800033c                I2C2_EV_IRQHandler
                0x000000000800033c                UsageFault_Handler
                0x000000000800033c                ADC1_2_IRQHandler
                0x000000000800033c                SPI1_IRQHandler
                0x000000000800033c                TAMPER_IRQHandler
                0x000000000800033c                DMA1_Channel4_IRQHandler
                0x000000000800033c                USART3_IRQHandler
                0x000000000800033c                RTC_IRQHandler
                0x000000000800033c                DMA1_Channel7_IRQHandler
                0x000000000800033c                CAN1_RX1_IRQHandler
                0x000000000800033c                TIM4_IRQHandler
                0x000000000800033c                I2C1_EV_IRQHandler
                0x000000000800033c                DMA1_Channel6_IRQHandler
                0x000000000800033c                TIM3_IRQHandler
                0x000000000800033c                RCC_IRQHandler
                0x000000000800033c                TIM1_TRG_COM_IRQHandler
                0x000000000800033c                DMA1_Channel1_IRQHandler
                0x000000000800033c                Default_Handler
                0x000000000800033c                EXTI15_10_IRQHandler
                0x000000000800033c                EXTI9_5_IRQHandler
                0x000000000800033c                SPI2_IRQHandler
                0x000000000800033c                MemManage_Handler
                0x000000000800033c                SVC_Handler
                0x000000000800033c                DMA1_Channel5_IRQHandler
                0x000000000800033c                EXTI4_IRQHandler
                0x000000000800033c                USB_LP_CAN1_RX0_IRQHandler
                0x000000000800033c                USB_HP_CAN1_TX_IRQHandler
                0x000000000800033c                DMA1_Channel3_IRQHandler
                0x000000000800033c                TIM1_UP_IRQHandler
                0x000000000800033c                WWDG_IRQHandler
                0x000000000800033c                TIM2_IRQHandler
                0x000000000800033c                TIM1_BRK_IRQHandler
                0x000000000800033c                EXTI1_IRQHandler
                0x000000000800033c                USART2_IRQHandler
                0x000000000800033c                I2C2_ER_IRQHandler
                0x000000000800033c                DMA1_Channel2_IRQHandler
                0x000000000800033c                CAN1_SCE_IRQHandler
                0x000000000800033c                FLASH_IRQHandler
                0x000000000800033c                BusFault_Handler
                0x000000000800033c                USART1_IRQHandler
                0x000000000800033c                I2C1_ER_IRQHandler
                0x000000000800033c                USBWakeUp_IRQHandler
 *fill*         0x000000000800033e        0x2 
 .text.__libc_init_array
                0x0000000008000340       0x4c /usr/lib/gcc/arm-none-eabi/4.9.3/../../../arm-none-eabi/lib/armv7-m/libc_nano.a(lib_a-init.o)
                0x0000000008000340                __libc_init_array
 *(.glue_7)
 .glue_7        0x000000000800038c        0x0 linker stubs
 *(.glue_7t)
 .glue_7t       0x000000000800038c        0x0 linker stubs
 *(.eh_frame)
 .eh_frame      0x000000000800038c        0x0 /usr/lib/gcc/arm-none-eabi/4.9.3/armv7-m/crtbegin.o
 *(.init)
 .init          0x000000000800038c        0x4 /usr/lib/gcc/arm-none-eabi/4.9.3/armv7-m/crti.o
                0x000000000800038c                _init
 .init          0x0000000008000390        0x8 /usr/lib/gcc/arm-none-eabi/4.9.3/armv7-m/crtn.o
 *(.fini)
 .fini          0x0000000008000398        0x4 /usr/lib/gcc/arm-none-eabi/4.9.3/armv7-m/crti.o
                0x0000000008000398                _fini
 .fini          0x000000000800039c        0x8 /usr/lib/gcc/arm-none-eabi/4.9.3/armv7-m/crtn.o
                0x00000000080003a4                . = ALIGN (0x4)
                0x00000000080003a4                _etext = .

.vfp11_veneer   0x00000000080003a4        0x0
 .vfp11_veneer  0x00000000080003a4        0x0 linker stubs

.v4_bx          0x00000000080003a4        0x0
 .v4_bx         0x00000000080003a4        0x0 linker stubs

.iplt           0x00000000080003a4        0x0
 .iplt          0x00000000080003a4        0x0 /usr/lib/gcc/arm-none-eabi/4.9.3/armv7-m/crtbegin.o

.rel.dyn        0x00000000080003a4        0x0
 .rel.iplt      0x00000000080003a4        0x0 /usr/lib/gcc/arm-none-eabi/4.9.3/armv7-m/crtbegin.o

.rodata         0x00000000080003a4        0x0
                0x00000000080003a4                . = ALIGN (0x4)
 *(.rodata)
 *(.rodata*)
                0x00000000080003a4                . = ALIGN (0x4)

.ARM.extab
 *(.ARM.extab* .gnu.linkonce.armextab.*)

.ARM            0x00000000080003a4        0x0
                0x00000000080003a4                __exidx_start = .
 *(.ARM.exidx*)
                0x00000000080003a4                __exidx_end = .

.preinit_array  0x00000000080003a4        0x0
                0x00000000080003a4                PROVIDE (__preinit_array_start, .)
 *(.preinit_array*)
                0x00000000080003a4                PROVIDE (__preinit_array_end, .)

.init_array     0x00000000080003a4        0x4
                0x00000000080003a4                PROVIDE (__init_array_start, .)
 *(SORT(.init_array.*))
 *(.init_array*)
 .init_array    0x00000000080003a4        0x4 /usr/lib/gcc/arm-none-eabi/4.9.3/armv7-m/crtbegin.o
                0x00000000080003a8                PROVIDE (__init_array_end, .)

.fini_array     0x00000000080003a8        0x4
                0x00000000080003a8                PROVIDE (__fini_array_start, .)
 *(SORT(.fini_array.*))
 *(.fini_array*)
 .fini_array    0x00000000080003a8        0x4 /usr/lib/gcc/arm-none-eabi/4.9.3/armv7-m/crtbegin.o
                0x00000000080003ac                PROVIDE (__fini_array_end, .)
                0x00000000080003ac                _sidata = LOADADDR (.data)

.data           0x0000000020000000        0x0 load address 0x00000000080003ac
                0x0000000020000000                . = ALIGN (0x4)
                0x0000000020000000                _sdata = .
 *(.data)
 *(.data*)
                0x0000000020000000                . = ALIGN (0x4)
                0x0000000020000000                _edata = .

.jcr            0x0000000020000000        0x0 load address 0x00000000080003ac
 .jcr           0x0000000020000000        0x0 /usr/lib/gcc/arm-none-eabi/4.9.3/armv7-m/crtbegin.o

.tm_clone_table
                0x0000000020000000        0x0 load address 0x00000000080003ac
 .tm_clone_table
                0x0000000020000000        0x0 /usr/lib/gcc/arm-none-eabi/4.9.3/armv7-m/crtbegin.o
 .tm_clone_table
                0x0000000020000000        0x0 /usr/lib/gcc/arm-none-eabi/4.9.3/armv7-m/crtend.o

.igot.plt       0x0000000020000000        0x0 load address 0x00000000080003ac
 .igot.plt      0x0000000020000000        0x0 /usr/lib/gcc/arm-none-eabi/4.9.3/armv7-m/crtbegin.o
                0x0000000020000000                . = ALIGN (0x4)

.bss            0x0000000020000000       0x1c load address 0x00000000080003ac
                0x0000000020000000                _sbss = .
                0x0000000020000000                __bss_start__ = _sbss
 *(.bss)
 .bss           0x0000000020000000       0x1c /usr/lib/gcc/arm-none-eabi/4.9.3/armv7-m/crtbegin.o
 *(.bss*)
 *(COMMON)
                0x000000002000001c                . = ALIGN (0x4)
                0x000000002000001c                _ebss = .
                0x000000002000001c                __bss_end__ = _ebss

._user_heap_stack
                0x000000002000001c      0x604 load address 0x00000000080003ac
                0x0000000020000020                . = ALIGN (0x8)
 *fill*         0x000000002000001c        0x4 
                [!provide]                        PROVIDE (end, .)
                [!provide]                        PROVIDE (_end, .)
                0x0000000020000220                . = (. + _Min_Heap_Size)
 *fill*         0x0000000020000020      0x200 
                0x0000000020000620                . = (. + _Min_Stack_Size)
 *fill*         0x0000000020000220      0x400 
                0x0000000020000620                . = ALIGN (0x8)

/DISCARD/
 libc.a(*)
 libm.a(*)
 libgcc.a(*)

.ARM.attributes
                0x0000000000000000       0x29
 *(.ARM.attributes)
 .ARM.attributes
                0x0000000000000000       0x1d /usr/lib/gcc/arm-none-eabi/4.9.3/armv7-m/crti.o
 .ARM.attributes
                0x000000000000001d       0x2d /usr/lib/gcc/arm-none-eabi/4.9.3/armv7-m/crtbegin.o
 .ARM.attributes
                0x000000000000004a       0x33 build/system_stm32f1xx.o
 .ARM.attributes
                0x000000000000007d       0x33 build/main.o
 .ARM.attributes
                0x00000000000000b0       0x33 build/ourHal.o
 .ARM.attributes
                0x00000000000000e3       0x21 build/startup_stm32f103xb.o
 .ARM.attributes
                0x0000000000000104       0x2d /usr/lib/gcc/arm-none-eabi/4.9.3/../../../arm-none-eabi/lib/armv7-m/libc_nano.a(lib_a-init.o)
 .ARM.attributes
                0x0000000000000131       0x2d /usr/lib/gcc/arm-none-eabi/4.9.3/armv7-m/crtend.o
 .ARM.attributes
                0x000000000000015e       0x1d /usr/lib/gcc/arm-none-eabi/4.9.3/armv7-m/crtn.o
OUTPUT(build/HelloIOARM.elf elf32-littlearm)

.comment        0x0000000000000000       0x70
 .comment       0x0000000000000000       0x38 /usr/lib/gcc/arm-none-eabi/4.9.3/armv7-m/crtbegin.o
                                         0x39 (size before relaxing)
 .comment       0x0000000000000038       0x39 build/system_stm32f1xx.o
 .comment       0x0000000000000038       0x39 build/main.o
 .comment       0x0000000000000038       0x39 build/ourHal.o
 .comment       0x0000000000000038       0x38 /usr/lib/gcc/arm-none-eabi/4.9.3/../../../arm-none-eabi/lib/armv7-m/libc_nano.a(lib_a-init.o)
                                         0x39 (size before relaxing)
 .comment       0x0000000000000070       0x39 /usr/lib/gcc/arm-none-eabi/4.9.3/armv7-m/crtend.o

.debug_info     0x0000000000000000      0x931
 .debug_info    0x0000000000000000      0x3e3 build/system_stm32f1xx.o
 .debug_info    0x00000000000003e3      0x180 build/main.o
 .debug_info    0x0000000000000563      0x1df build/ourHal.o
 .debug_info    0x0000000000000742       0xea build/startup_stm32f103xb.o
 .debug_info    0x000000000000082c      0x105 /usr/lib/gcc/arm-none-eabi/4.9.3/../../../arm-none-eabi/lib/armv7-m/libc_nano.a(lib_a-init.o)

.debug_abbrev   0x0000000000000000      0x390
 .debug_abbrev  0x0000000000000000      0x122 build/system_stm32f1xx.o
 .debug_abbrev  0x0000000000000122       0xc4 build/main.o
 .debug_abbrev  0x00000000000001e6       0xde build/ourHal.o
 .debug_abbrev  0x00000000000002c4       0x12 build/startup_stm32f103xb.o
 .debug_abbrev  0x00000000000002d6       0xba /usr/lib/gcc/arm-none-eabi/4.9.3/../../../arm-none-eabi/lib/armv7-m/libc_nano.a(lib_a-init.o)

.debug_loc      0x0000000000000000      0x2e0
 .debug_loc     0x0000000000000000       0xa0 build/system_stm32f1xx.o
 .debug_loc     0x00000000000000a0       0x94 build/main.o
 .debug_loc     0x0000000000000134      0x164 build/ourHal.o
 .debug_loc     0x0000000000000298       0x48 /usr/lib/gcc/arm-none-eabi/4.9.3/../../../arm-none-eabi/lib/armv7-m/libc_nano.a(lib_a-init.o)

.debug_aranges  0x0000000000000000       0xd0
 .debug_aranges
                0x0000000000000000       0x28 build/system_stm32f1xx.o
 .debug_aranges
                0x0000000000000028       0x28 build/main.o
 .debug_aranges
                0x0000000000000050       0x38 build/ourHal.o
 .debug_aranges
                0x0000000000000088       0x28 build/startup_stm32f103xb.o
 .debug_aranges
                0x00000000000000b0       0x20 /usr/lib/gcc/arm-none-eabi/4.9.3/../../../arm-none-eabi/lib/armv7-m/libc_nano.a(lib_a-init.o)

.debug_ranges   0x0000000000000000       0x88
 .debug_ranges  0x0000000000000000       0x18 build/system_stm32f1xx.o
 .debug_ranges  0x0000000000000018       0x18 build/main.o
 .debug_ranges  0x0000000000000030       0x28 build/ourHal.o
 .debug_ranges  0x0000000000000058       0x20 build/startup_stm32f103xb.o
 .debug_ranges  0x0000000000000078       0x10 /usr/lib/gcc/arm-none-eabi/4.9.3/../../../arm-none-eabi/lib/armv7-m/libc_nano.a(lib_a-init.o)

.debug_line     0x0000000000000000      0x486
 .debug_line    0x0000000000000000      0x170 build/system_stm32f1xx.o
 .debug_line    0x0000000000000170       0xdd build/main.o
 .debug_line    0x000000000000024d       0xd9 build/ourHal.o
 .debug_line    0x0000000000000326       0xa9 build/startup_stm32f103xb.o
 .debug_line    0x00000000000003cf       0xb7 /usr/lib/gcc/arm-none-eabi/4.9.3/../../../arm-none-eabi/lib/armv7-m/libc_nano.a(lib_a-init.o)

.debug_str      0x0000000000000000      0x4c6
 .debug_str     0x0000000000000000      0x2b2 build/system_stm32f1xx.o
                                        0x2ff (size before relaxing)
 .debug_str     0x00000000000002b2       0x3d build/main.o
                                        0x1c8 (size before relaxing)
 .debug_str     0x00000000000002ef       0x38 build/ourHal.o
                                        0x1da (size before relaxing)
 .debug_str     0x0000000000000327      0x19f /usr/lib/gcc/arm-none-eabi/4.9.3/../../../arm-none-eabi/lib/armv7-m/libc_nano.a(lib_a-init.o)
                                        0x231 (size before relaxing)

.debug_frame    0x0000000000000000      0x190
 .debug_frame   0x0000000000000000       0x5c build/system_stm32f1xx.o
 .debug_frame   0x000000000000005c       0x58 build/main.o
 .debug_frame   0x00000000000000b4       0xb0 build/ourHal.o
 .debug_frame   0x0000000000000164       0x2c /usr/lib/gcc/arm-none-eabi/4.9.3/../../../arm-none-eabi/lib/armv7-m/libc_nano.a(lib_a-init.o)

Cross Reference Table

Symbol                                            File
ADC1_2_IRQHandler                                 build/startup_stm32f103xb.o
AHBPrescTable                                     build/system_stm32f1xx.o
BusFault_Handler                                  build/startup_stm32f103xb.o
CAN1_RX1_IRQHandler                               build/startup_stm32f103xb.o
CAN1_SCE_IRQHandler                               build/startup_stm32f103xb.o
DMA1_Channel1_IRQHandler                          build/startup_stm32f103xb.o
DMA1_Channel2_IRQHandler                          build/startup_stm32f103xb.o
DMA1_Channel3_IRQHandler                          build/startup_stm32f103xb.o
DMA1_Channel4_IRQHandler                          build/startup_stm32f103xb.o
DMA1_Channel5_IRQHandler                          build/startup_stm32f103xb.o
DMA1_Channel6_IRQHandler                          build/startup_stm32f103xb.o
DMA1_Channel7_IRQHandler                          build/startup_stm32f103xb.o
DebugMon_Handler                                  build/startup_stm32f103xb.o
Default_Handler                                   build/startup_stm32f103xb.o
EXTI0_IRQHandler                                  build/startup_stm32f103xb.o
EXTI15_10_IRQHandler                              build/startup_stm32f103xb.o
EXTI1_IRQHandler                                  build/startup_stm32f103xb.o
EXTI2_IRQHandler                                  build/startup_stm32f103xb.o
EXTI3_IRQHandler                                  build/startup_stm32f103xb.o
EXTI4_IRQHandler                                  build/startup_stm32f103xb.o
EXTI9_5_IRQHandler                                build/startup_stm32f103xb.o
FLASH_IRQHandler                                  build/startup_stm32f103xb.o
HardFault_Handler                                 build/startup_stm32f103xb.o
I2C1_ER_IRQHandler                                build/startup_stm32f103xb.o
I2C1_EV_IRQHandler                                build/startup_stm32f103xb.o
I2C2_ER_IRQHandler                                build/startup_stm32f103xb.o
I2C2_EV_IRQHandler                                build/startup_stm32f103xb.o
MemManage_Handler                                 build/startup_stm32f103xb.o
NMI_Handler                                       build/startup_stm32f103xb.o
PVD_IRQHandler                                    build/startup_stm32f103xb.o
PendSV_Handler                                    build/startup_stm32f103xb.o
RCC_IRQHandler                                    build/startup_stm32f103xb.o
RTC_Alarm_IRQHandler                              build/startup_stm32f103xb.o
RTC_IRQHandler                                    build/startup_stm32f103xb.o
Reset_Handler                                     build/startup_stm32f103xb.o
SPI1_IRQHandler                                   build/startup_stm32f103xb.o
SPI2_IRQHandler                                   build/startup_stm32f103xb.o
SVC_Handler                                       build/startup_stm32f103xb.o
SysTick_Handler                                   build/startup_stm32f103xb.o
SystemCoreClock                                   build/system_stm32f1xx.o
SystemCoreClockUpdate                             build/system_stm32f1xx.o
SystemInit                                        build/system_stm32f1xx.o
                                                  build/startup_stm32f103xb.o
TAMPER_IRQHandler                                 build/startup_stm32f103xb.o
TIM1_BRK_IRQHandler                               build/startup_stm32f103xb.o
TIM1_CC_IRQHandler                                build/startup_stm32f103xb.o
TIM1_TRG_COM_IRQHandler                           build/startup_stm32f103xb.o
TIM1_UP_IRQHandler                                build/startup_stm32f103xb.o
TIM2_IRQHandler                                   build/startup_stm32f103xb.o
TIM3_IRQHandler                                   build/startup_stm32f103xb.o
TIM4_IRQHandler                                   build/startup_stm32f103xb.o
USART1_IRQHandler                                 build/startup_stm32f103xb.o
USART2_IRQHandler                                 build/startup_stm32f103xb.o
USART3_IRQHandler                                 build/startup_stm32f103xb.o
USBWakeUp_IRQHandler                              build/startup_stm32f103xb.o
USB_HP_CAN1_TX_IRQHandler                         build/startup_stm32f103xb.o
USB_LP_CAN1_RX0_IRQHandler                        build/startup_stm32f103xb.o
UsageFault_Handler                                build/startup_stm32f103xb.o
WWDG_IRQHandler                                   build/startup_stm32f103xb.o
_ITM_deregisterTMCloneTable                       /usr/lib/gcc/arm-none-eabi/4.9.3/armv7-m/crtbegin.o
_ITM_registerTMCloneTable                         /usr/lib/gcc/arm-none-eabi/4.9.3/armv7-m/crtbegin.o
_Jv_RegisterClasses                               /usr/lib/gcc/arm-none-eabi/4.9.3/armv7-m/crtbegin.o
__TMC_END__                                       /usr/lib/gcc/arm-none-eabi/4.9.3/armv7-m/crtend.o
                                                  /usr/lib/gcc/arm-none-eabi/4.9.3/armv7-m/crtbegin.o
__atexit_dummy                                    /usr/lib/gcc/arm-none-eabi/4.9.3/../../../arm-none-eabi/lib/armv7-m/libc_nano.a(lib_a-__atexit.o)
__bss_end__                                       /usr/lib/gcc/arm-none-eabi/4.9.3/../../../arm-none-eabi/lib/armv7-m/crt0.o
__bss_start__                                     /usr/lib/gcc/arm-none-eabi/4.9.3/../../../arm-none-eabi/lib/armv7-m/crt0.o
__call_exitprocs                                  /usr/lib/gcc/arm-none-eabi/4.9.3/../../../arm-none-eabi/lib/armv7-m/libc_nano.a(lib_a-__call_atexit.o)
                                                  /usr/lib/gcc/arm-none-eabi/4.9.3/../../../arm-none-eabi/lib/armv7-m/libc_nano.a(lib_a-__atexit.o)
                                                  /usr/lib/gcc/arm-none-eabi/4.9.3/../../../arm-none-eabi/lib/armv7-m/libc_nano.a(lib_a-exit.o)
__deregister_frame_info                           /usr/lib/gcc/arm-none-eabi/4.9.3/armv7-m/crtbegin.o
__dso_handle                                      /usr/lib/gcc/arm-none-eabi/4.9.3/armv7-m/crtbegin.o
__fini_array_end                                  /usr/lib/gcc/arm-none-eabi/4.9.3/../../../arm-none-eabi/lib/armv7-m/libc_nano.a(lib_a-fini.o)
__fini_array_start                                /usr/lib/gcc/arm-none-eabi/4.9.3/../../../arm-none-eabi/lib/armv7-m/libc_nano.a(lib_a-fini.o)
__init_array_end                                  /usr/lib/gcc/arm-none-eabi/4.9.3/../../../arm-none-eabi/lib/armv7-m/libc_nano.a(lib_a-init.o)
__init_array_start                                /usr/lib/gcc/arm-none-eabi/4.9.3/../../../arm-none-eabi/lib/armv7-m/libc_nano.a(lib_a-init.o)
__libc_fini_array                                 /usr/lib/gcc/arm-none-eabi/4.9.3/../../../arm-none-eabi/lib/armv7-m/libc_nano.a(lib_a-fini.o)
                                                  /usr/lib/gcc/arm-none-eabi/4.9.3/../../../arm-none-eabi/lib/armv7-m/crt0.o
__libc_init_array                                 /usr/lib/gcc/arm-none-eabi/4.9.3/../../../arm-none-eabi/lib/armv7-m/libc_nano.a(lib_a-init.o)
                                                  build/startup_stm32f103xb.o
                                                  /usr/lib/gcc/arm-none-eabi/4.9.3/../../../arm-none-eabi/lib/armv7-m/crt0.o
__preinit_array_end                               /usr/lib/gcc/arm-none-eabi/4.9.3/../../../arm-none-eabi/lib/armv7-m/libc_nano.a(lib_a-init.o)
__preinit_array_start                             /usr/lib/gcc/arm-none-eabi/4.9.3/../../../arm-none-eabi/lib/armv7-m/libc_nano.a(lib_a-init.o)
__register_exitproc                               /usr/lib/gcc/arm-none-eabi/4.9.3/../../../arm-none-eabi/lib/armv7-m/libc_nano.a(lib_a-__atexit.o)
                                                  /usr/lib/gcc/arm-none-eabi/4.9.3/../../../arm-none-eabi/lib/armv7-m/libc_nano.a(lib_a-atexit.o)
__register_frame_info                             /usr/lib/gcc/arm-none-eabi/4.9.3/armv7-m/crtbegin.o
__sf_fake_stderr                                  /usr/lib/gcc/arm-none-eabi/4.9.3/../../../arm-none-eabi/lib/armv7-m/libc_nano.a(lib_a-impure.o)
__sf_fake_stdin                                   /usr/lib/gcc/arm-none-eabi/4.9.3/../../../arm-none-eabi/lib/armv7-m/libc_nano.a(lib_a-impure.o)
__sf_fake_stdout                                  /usr/lib/gcc/arm-none-eabi/4.9.3/../../../arm-none-eabi/lib/armv7-m/libc_nano.a(lib_a-impure.o)
__stack                                           /usr/lib/gcc/arm-none-eabi/4.9.3/../../../arm-none-eabi/lib/armv7-m/crt0.o
_ebss                                             build/startup_stm32f103xb.o
_edata                                            build/startup_stm32f103xb.o
_estack                                           build/startup_stm32f103xb.o
_exit                                             /usr/lib/gcc/arm-none-eabi/4.9.3/../../../arm-none-eabi/lib/armv7-m/libnosys.a(_exit.o)
                                                  /usr/lib/gcc/arm-none-eabi/4.9.3/../../../arm-none-eabi/lib/armv7-m/libc_nano.a(lib_a-exit.o)
_fini                                             /usr/lib/gcc/arm-none-eabi/4.9.3/armv7-m/crti.o
                                                  /usr/lib/gcc/arm-none-eabi/4.9.3/../../../arm-none-eabi/lib/armv7-m/libc_nano.a(lib_a-fini.o)
_global_atexit                                    /usr/lib/gcc/arm-none-eabi/4.9.3/../../../arm-none-eabi/lib/armv7-m/libc_nano.a(lib_a-__call_atexit.o)
                                                  /usr/lib/gcc/arm-none-eabi/4.9.3/../../../arm-none-eabi/lib/armv7-m/libc_nano.a(lib_a-__atexit.o)
_global_impure_ptr                                /usr/lib/gcc/arm-none-eabi/4.9.3/../../../arm-none-eabi/lib/armv7-m/libc_nano.a(lib_a-impure.o)
                                                  /usr/lib/gcc/arm-none-eabi/4.9.3/../../../arm-none-eabi/lib/armv7-m/libc_nano.a(lib_a-exit.o)
_impure_ptr                                       /usr/lib/gcc/arm-none-eabi/4.9.3/../../../arm-none-eabi/lib/armv7-m/libc_nano.a(lib_a-impure.o)
_init                                             /usr/lib/gcc/arm-none-eabi/4.9.3/armv7-m/crti.o
                                                  /usr/lib/gcc/arm-none-eabi/4.9.3/../../../arm-none-eabi/lib/armv7-m/libc_nano.a(lib_a-init.o)
_mainCRTStartup                                   /usr/lib/gcc/arm-none-eabi/4.9.3/../../../arm-none-eabi/lib/armv7-m/crt0.o
_sbss                                             build/startup_stm32f103xb.o
_sdata                                            build/startup_stm32f103xb.o
_sidata                                           build/startup_stm32f103xb.o
_start                                            /usr/lib/gcc/arm-none-eabi/4.9.3/../../../arm-none-eabi/lib/armv7-m/crt0.o
atexit                                            /usr/lib/gcc/arm-none-eabi/4.9.3/../../../arm-none-eabi/lib/armv7-m/libc_nano.a(lib_a-atexit.o)
                                                  /usr/lib/gcc/arm-none-eabi/4.9.3/../../../arm-none-eabi/lib/armv7-m/crt0.o
clearPin                                          build/ourHal.o
delay1s                                           build/main.o
exit                                              /usr/lib/gcc/arm-none-eabi/4.9.3/../../../arm-none-eabi/lib/armv7-m/libc_nano.a(lib_a-exit.o)
                                                  /usr/lib/gcc/arm-none-eabi/4.9.3/../../../arm-none-eabi/lib/armv7-m/crt0.o
free                                              /usr/lib/gcc/arm-none-eabi/4.9.3/../../../arm-none-eabi/lib/armv7-m/libc_nano.a(lib_a-__call_atexit.o)
g_pfnVectors                                      build/startup_stm32f103xb.o
hardware_init_hook                                /usr/lib/gcc/arm-none-eabi/4.9.3/../../../arm-none-eabi/lib/armv7-m/crt0.o
main                                              build/main.o
                                                  build/startup_stm32f103xb.o
                                                  /usr/lib/gcc/arm-none-eabi/4.9.3/../../../arm-none-eabi/lib/armv7-m/crt0.o
malloc                                            /usr/lib/gcc/arm-none-eabi/4.9.3/../../../arm-none-eabi/lib/armv7-m/libc_nano.a(lib_a-__atexit.o)
memset                                            /usr/lib/gcc/arm-none-eabi/4.9.3/../../../arm-none-eabi/lib/armv7-m/libc_nano.a(lib_a-memset.o)
                                                  /usr/lib/gcc/arm-none-eabi/4.9.3/../../../arm-none-eabi/lib/armv7-m/crt0.o
setPin                                            build/ourHal.o
software_init_hook                                /usr/lib/gcc/arm-none-eabi/4.9.3/../../../arm-none-eabi/lib/armv7-m/crt0.o
togglePin                                         build/ourHal.o
                                                  build/main.o
write                                             build/ourHal.o
